Archive member included because of file (symbol)

/home/hunt/.pebble-sdk/SDKs/current/sdk-core/pebble/aplite/lib/libpebble.a(tmp7jpKUopebble.o)
                              src/c/main.c.33.o (app_event_loop)

Discarded input sections

 .text          0x0000000000000000        0x0 /home/hunt/pebble-dev/pebble-sdk-4.6-rc2-linux64/arm-cs-tools/bin/../lib/gcc/arm-none-eabi/4.7.2/thumb2/crti.o
 .bss           0x0000000000000000        0x0 /home/hunt/pebble-dev/pebble-sdk-4.6-rc2-linux64/arm-cs-tools/bin/../lib/gcc/arm-none-eabi/4.7.2/thumb2/crti.o
 .init          0x0000000000000000        0x4 /home/hunt/pebble-dev/pebble-sdk-4.6-rc2-linux64/arm-cs-tools/bin/../lib/gcc/arm-none-eabi/4.7.2/thumb2/crti.o
 .fini          0x0000000000000000        0x4 /home/hunt/pebble-dev/pebble-sdk-4.6-rc2-linux64/arm-cs-tools/bin/../lib/gcc/arm-none-eabi/4.7.2/thumb2/crti.o
 .text          0x0000000000000000       0xc8 /home/hunt/pebble-dev/pebble-sdk-4.6-rc2-linux64/arm-cs-tools/bin/../lib/gcc/arm-none-eabi/4.7.2/thumb2/crtbegin.o
 .bss           0x0000000000000000       0x1c /home/hunt/pebble-dev/pebble-sdk-4.6-rc2-linux64/arm-cs-tools/bin/../lib/gcc/arm-none-eabi/4.7.2/thumb2/crtbegin.o
 .init_array    0x0000000000000000        0x4 /home/hunt/pebble-dev/pebble-sdk-4.6-rc2-linux64/arm-cs-tools/bin/../lib/gcc/arm-none-eabi/4.7.2/thumb2/crtbegin.o
 .fini_array    0x0000000000000000        0x4 /home/hunt/pebble-dev/pebble-sdk-4.6-rc2-linux64/arm-cs-tools/bin/../lib/gcc/arm-none-eabi/4.7.2/thumb2/crtbegin.o
 .eh_frame      0x0000000000000000        0x0 /home/hunt/pebble-dev/pebble-sdk-4.6-rc2-linux64/arm-cs-tools/bin/../lib/gcc/arm-none-eabi/4.7.2/thumb2/crtbegin.o
 .jcr           0x0000000000000000        0x0 /home/hunt/pebble-dev/pebble-sdk-4.6-rc2-linux64/arm-cs-tools/bin/../lib/gcc/arm-none-eabi/4.7.2/thumb2/crtbegin.o
 .tm_clone_table
                0x0000000000000000        0x0 /home/hunt/pebble-dev/pebble-sdk-4.6-rc2-linux64/arm-cs-tools/bin/../lib/gcc/arm-none-eabi/4.7.2/thumb2/crtbegin.o
 .text          0x0000000000000000        0x0 src/c/main.c.33.o
 .bss           0x0000000000000000        0x0 src/c/main.c.33.o
 .text          0x0000000000000000        0x0 aplite/appinfo.auto.c.33.o
 .bss           0x0000000000000000        0x0 aplite/appinfo.auto.c.33.o
 .text          0x0000000000000000        0x0 aplite/src/resource_ids.auto.c.33.o
 .bss           0x0000000000000000        0x0 aplite/src/resource_ids.auto.c.33.o
 .data.RESOURCE_ID_VOICE_DATA
                0x0000000000000000        0x4 aplite/src/resource_ids.auto.c.33.o
 .text          0x0000000000000000        0x0 src/message_keys.auto.c.33.o
 .bss           0x0000000000000000        0x0 src/message_keys.auto.c.33.o
 .data.MESSAGE_KEY_VoiceResult
                0x0000000000000000        0x4 src/message_keys.auto.c.33.o
 .bss           0x0000000000000000        0x0 /home/hunt/.pebble-sdk/SDKs/current/sdk-core/pebble/aplite/lib/libpebble.a(tmp7jpKUopebble.o)
 .text.accel_data_service_subscribe__deprecated
                0x0000000000000000        0xc /home/hunt/.pebble-sdk/SDKs/current/sdk-core/pebble/aplite/lib/libpebble.a(tmp7jpKUopebble.o)
 .text.accel_data_service_unsubscribe
                0x0000000000000000        0xc /home/hunt/.pebble-sdk/SDKs/current/sdk-core/pebble/aplite/lib/libpebble.a(tmp7jpKUopebble.o)
 .text.accel_service_peek
                0x0000000000000000        0xc /home/hunt/.pebble-sdk/SDKs/current/sdk-core/pebble/aplite/lib/libpebble.a(tmp7jpKUopebble.o)
 .text.accel_service_set_samples_per_update
                0x0000000000000000        0xc /home/hunt/.pebble-sdk/SDKs/current/sdk-core/pebble/aplite/lib/libpebble.a(tmp7jpKUopebble.o)
 .text.accel_service_set_sampling_rate
                0x0000000000000000        0xc /home/hunt/.pebble-sdk/SDKs/current/sdk-core/pebble/aplite/lib/libpebble.a(tmp7jpKUopebble.o)
 .text.accel_tap_service_subscribe
                0x0000000000000000        0xc /home/hunt/.pebble-sdk/SDKs/current/sdk-core/pebble/aplite/lib/libpebble.a(tmp7jpKUopebble.o)
 .text.accel_tap_service_unsubscribe
                0x0000000000000000        0xc /home/hunt/.pebble-sdk/SDKs/current/sdk-core/pebble/aplite/lib/libpebble.a(tmp7jpKUopebble.o)
 .text.action_bar_layer_legacy2_add_to_window
                0x0000000000000000        0xc /home/hunt/.pebble-sdk/SDKs/current/sdk-core/pebble/aplite/lib/libpebble.a(tmp7jpKUopebble.o)
 .text.action_bar_layer_legacy2_clear_icon
                0x0000000000000000        0xc /home/hunt/.pebble-sdk/SDKs/current/sdk-core/pebble/aplite/lib/libpebble.a(tmp7jpKUopebble.o)
 .text.action_bar_layer_legacy2_create
                0x0000000000000000        0xc /home/hunt/.pebble-sdk/SDKs/current/sdk-core/pebble/aplite/lib/libpebble.a(tmp7jpKUopebble.o)
 .text.action_bar_layer_legacy2_destroy
                0x0000000000000000        0xc /home/hunt/.pebble-sdk/SDKs/current/sdk-core/pebble/aplite/lib/libpebble.a(tmp7jpKUopebble.o)
 .text.action_bar_layer_legacy2_get_layer
[...]
Memory Configuration

Name             Origin             Length             Attributes
APP              0x0000000000000000 0x0000000000006000 xrw
*default*        0x0000000000000000 0xffffffffffffffff

Linker script and memory map

LOAD /home/hunt/pebble-dev/pebble-sdk-4.6-rc2-linux64/arm-cs-tools/bin/../lib/gcc/arm-none-eabi/4.7.2/thumb2/crti.o
LOAD /home/hunt/pebble-dev/pebble-sdk-4.6-rc2-linux64/arm-cs-tools/bin/../lib/gcc/arm-none-eabi/4.7.2/thumb2/crtbegin.o
LOAD src/c/main.c.33.o
LOAD aplite/appinfo.auto.c.33.o
LOAD aplite/src/resource_ids.auto.c.33.o
LOAD src/message_keys.auto.c.33.o
LOAD /home/hunt/.pebble-sdk/SDKs/current/sdk-core/pebble/aplite/lib/libpebble.a
START GROUP
LOAD /home/hunt/pebble-dev/pebble-sdk-4.6-rc2-linux64/arm-cs-tools/bin/../lib/gcc/arm-none-eabi/4.7.2/thumb2/libgcc.a
LOAD /home/hunt/pebble-dev/pebble-sdk-4.6-rc2-linux64/arm-cs-tools/bin/../lib/gcc/arm-none-eabi/4.7.2/../../../../arm-none-eabi/lib/thumb2/libc.a
END GROUP
LOAD /home/hunt/pebble-dev/pebble-sdk-4.6-rc2-linux64/arm-cs-tools/bin/../lib/gcc/arm-none-eabi/4.7.2/thumb2/crtend.o
LOAD /home/hunt/pebble-dev/pebble-sdk-4.6-rc2-linux64/arm-cs-tools/bin/../lib/gcc/arm-none-eabi/4.7.2/thumb2/crtn.o

.header         0x0000000000000000       0x82
 *(.pbl_header)
 .pbl_header    0x0000000000000000       0x82 aplite/appinfo.auto.c.33.o
                0x0000000000000000                __pbl_app_info

.note.gnu.build-id
                0x0000000000000082       0x26
                0x0000000000000082                PROVIDE (BUILD_ID, .)
 *(.note.gnu.build-id)
 *fill*         0x0000000000000082        0x2 
 .note.gnu.build-id
                0x0000000000000084       0x24 linker stubs

.text           0x00000000000000a8      0x1ef
 *(.text)
 .text          0x00000000000000a8       0x14 /home/hunt/.pebble-sdk/SDKs/current/sdk-core/pebble/aplite/lib/libpebble.a(tmp7jpKUopebble.o)
 *(.text.*)
 .text.main_window_unload
                0x00000000000000bc       0x10 src/c/main.c.33.o
 .text.main_window_load
                0x00000000000000cc       0x84 src/c/main.c.33.o
 .text.startup.main
                0x0000000000000150       0x58 src/c/main.c.33.o
                0x0000000000000150                main
 .text.app_event_loop
                0x00000000000001a8        0xc /home/hunt/.pebble-sdk/SDKs/current/sdk-core/pebble/aplite/lib/libpebble.a(tmp7jpKUopebble.o)
                0x00000000000001a8                app_event_loop
 .text.fonts_get_system_font
                0x00000000000001b4        0xc /home/hunt/.pebble-sdk/SDKs/current/sdk-core/pebble/aplite/lib/libpebble.a(tmp7jpKUopebble.o)
                0x00000000000001b4                fonts_get_system_font
 .text.layer_add_child
                0x00000000000001c0        0xc /home/hunt/.pebble-sdk/SDKs/current/sdk-core/pebble/aplite/lib/libpebble.a(tmp7jpKUopebble.o)
                0x00000000000001c0                layer_add_child
 .text.layer_get_bounds
                0x00000000000001cc        0xc /home/hunt/.pebble-sdk/SDKs/current/sdk-core/pebble/aplite/lib/libpebble.a(tmp7jpKUopebble.o)
                0x00000000000001cc                layer_get_bounds
 .text.memset   0x00000000000001d8        0xc /home/hunt/.pebble-sdk/SDKs/current/sdk-core/pebble/aplite/lib/libpebble.a(tmp7jpKUopebble.o)
                0x00000000000001d8                memset
 .text.window_create
                0x00000000000001e4        0xc /home/hunt/.pebble-sdk/SDKs/current/sdk-core/pebble/aplite/lib/libpebble.a(tmp7jpKUopebble.o)
                0x00000000000001e4                window_create
 .text.window_destroy
                0x00000000000001f0        0xc /home/hunt/.pebble-sdk/SDKs/current/sdk-core/pebble/aplite/lib/libpebble.a(tmp7jpKUopebble.o)
                0x00000000000001f0                window_destroy
 .text.window_get_root_layer
                0x00000000000001fc        0xc /home/hunt/.pebble-sdk/SDKs/current/sdk-core/pebble/aplite/lib/libpebble.a(tmp7jpKUopebble.o)
                0x00000000000001fc                window_get_root_layer
 .text.window_set_window_handlers
                0x0000000000000208        0xc /home/hunt/.pebble-sdk/SDKs/current/sdk-core/pebble/aplite/lib/libpebble.a(tmp7jpKUopebble.o)
                0x0000000000000208                window_set_window_handlers
 .text.window_stack_push
                0x0000000000000214        0xc /home/hunt/.pebble-sdk/SDKs/current/sdk-core/pebble/aplite/lib/libpebble.a(tmp7jpKUopebble.o)
                0x0000000000000214                window_stack_push
 .text.text_layer_create
                0x0000000000000220        0xc /home/hunt/.pebble-sdk/SDKs/current/sdk-core/pebble/aplite/lib/libpebble.a(tmp7jpKUopebble.o)
                0x0000000000000220                text_layer_create
 .text.text_layer_destroy
                0x000000000000022c        0xc /home/hunt/.pebble-sdk/SDKs/current/sdk-core/pebble/aplite/lib/libpebble.a(tmp7jpKUopebble.o)
                0x000000000000022c                text_layer_destroy
 .text.text_layer_get_layer
                0x0000000000000238        0xc /home/hunt/.pebble-sdk/SDKs/current/sdk-core/pebble/aplite/lib/libpebble.a(tmp7jpKUopebble.o)
                0x0000000000000238                text_layer_get_layer
 .text.text_layer_set_font
                0x0000000000000244        0xc /home/hunt/.pebble-sdk/SDKs/current/sdk-core/pebble/aplite/lib/libpebble.a(tmp7jpKUopebble.o)
                0x0000000000000244                text_layer_set_font
 .text.text_layer_set_overflow_mode
                0x0000000000000250        0xc /home/hunt/.pebble-sdk/SDKs/current/sdk-core/pebble/aplite/lib/libpebble.a(tmp7jpKUopebble.o)
                0x0000000000000250                text_layer_set_overflow_mode
 .text.text_layer_set_text
                0x000000000000025c        0xc /home/hunt/.pebble-sdk/SDKs/current/sdk-core/pebble/aplite/lib/libpebble.a(tmp7jpKUopebble.o)
                0x000000000000025c                text_layer_set_text
 *(.rodata)
 *(.rodata*)
 .rodata.str1.1
                0x0000000000000268       0x2f src/c/main.c.33.o

.glue_7         0x0000000000000298        0x0
 .glue_7        0x0000000000000000        0x0 linker stubs

.glue_7t        0x0000000000000298        0x0
 .glue_7t       0x0000000000000000        0x0 linker stubs

.vfp11_veneer   0x0000000000000298        0x0
 .vfp11_veneer  0x0000000000000000        0x0 linker stubs

.v4_bx          0x0000000000000298        0x0
 .v4_bx         0x0000000000000000        0x0 linker stubs

.iplt           0x0000000000000298        0x0
 .iplt          0x0000000000000000        0x0 /home/hunt/pebble-dev/pebble-sdk-4.6-rc2-linux64/arm-cs-tools/bin/../lib/gcc/arm-none-eabi/4.7.2/thumb2/crtbegin.o

.rel.dyn        0x0000000000000298        0x0
 .rel.iplt      0x0000000000000000        0x0 /home/hunt/pebble-dev/pebble-sdk-4.6-rc2-linux64/arm-cs-tools/bin/../lib/gcc/arm-none-eabi/4.7.2/thumb2/crtbegin.o

.data           0x0000000000000298        0x4
 *(.data)
 .data          0x0000000000000298        0x0 /home/hunt/pebble-dev/pebble-sdk-4.6-rc2-linux64/arm-cs-tools/bin/../lib/gcc/arm-none-eabi/4.7.2/thumb2/crti.o
 .data          0x0000000000000298        0x4 /home/hunt/pebble-dev/pebble-sdk-4.6-rc2-linux64/arm-cs-tools/bin/../lib/gcc/arm-none-eabi/4.7.2/thumb2/crtbegin.o
                0x0000000000000298                __dso_handle
 .data          0x000000000000029c        0x0 src/c/main.c.33.o
 .data          0x000000000000029c        0x0 aplite/appinfo.auto.c.33.o
 .data          0x000000000000029c        0x0 aplite/src/resource_ids.auto.c.33.o
 .data          0x000000000000029c        0x0 src/message_keys.auto.c.33.o
 .data          0x000000000000029c        0x0 /home/hunt/.pebble-sdk/SDKs/current/sdk-core/pebble/aplite/lib/libpebble.a(tmp7jpKUopebble.o)
 .data          0x000000000000029c        0x0 /home/hunt/pebble-dev/pebble-sdk-4.6-rc2-linux64/arm-cs-tools/bin/../lib/gcc/arm-none-eabi/4.7.2/thumb2/crtend.o
 .data          0x000000000000029c        0x0 /home/hunt/pebble-dev/pebble-sdk-4.6-rc2-linux64/arm-cs-tools/bin/../lib/gcc/arm-none-eabi/4.7.2/thumb2/crtn.o
 *(.data.*)

.igot.plt       0x000000000000029c        0x0
 .igot.plt      0x0000000000000000        0x0 /home/hunt/pebble-dev/pebble-sdk-4.6-rc2-linux64/arm-cs-tools/bin/../lib/gcc/arm-none-eabi/4.7.2/thumb2/crtbegin.o

.bss            0x000000000000029c        0x8
 *(.bss)
 *(.bss.*)
 .bss.s_output_layer
                0x000000000000029c        0x4 src/c/main.c.33.o
 .bss.s_main_window
                0x00000000000002a0        0x4 src/c/main.c.33.o

DISCARD
 libc.a(*)
 libm.a(*)
 libgcc.a(*)
 *(.eh_frame)
OUTPUT(/home/hunt/PebbleGPTNEWER/PebbleGPTNew/build/aplite/pebble-app.elf elf32-littlearm)

.ARM.attributes
                0x0000000000000000       0x27
 .ARM.attributes
                0x0000000000000000       0x19 /home/hunt/pebble-dev/pebble-sdk-4.6-rc2-linux64/arm-cs-tools/bin/../lib/gcc/arm-none-eabi/4.7.2/thumb2/crti.o
 .ARM.attributes
                0x0000000000000019       0x29 /home/hunt/pebble-dev/pebble-sdk-4.6-rc2-linux64/arm-cs-tools/bin/../lib/gcc/arm-none-eabi/4.7.2/thumb2/crtbegin.o
 .ARM.attributes
                0x0000000000000042       0x33 src/c/main.c.33.o
 .ARM.attributes
                0x0000000000000075       0x33 aplite/appinfo.auto.c.33.o
 .ARM.attributes
                0x00000000000000a8       0x33 aplite/src/resource_ids.auto.c.33.o
 .ARM.attributes
                0x00000000000000db       0x33 src/message_keys.auto.c.33.o
 .ARM.attributes
                0x000000000000010e       0x21 /home/hunt/.pebble-sdk/SDKs/current/sdk-core/pebble/aplite/lib/libpebble.a(tmp7jpKUopebble.o)
 .ARM.attributes
                0x000000000000012f       0x29 /home/hunt/pebble-dev/pebble-sdk-4.6-rc2-linux64/arm-cs-tools/bin/../lib/gcc/arm-none-eabi/4.7.2/thumb2/crtend.o
 .ARM.attributes
                0x0000000000000158       0x19 /home/hunt/pebble-dev/pebble-sdk-4.6-rc2-linux64/arm-cs-tools/bin/../lib/gcc/arm-none-eabi/4.7.2/thumb2/crtn.o

.comment        0x0000000000000000       0x4e
 .comment       0x0000000000000000       0x4e /home/hunt/pebble-dev/pebble-sdk-4.6-rc2-linux64/arm-cs-tools/bin/../lib/gcc/arm-none-eabi/4.7.2/thumb2/crtbegin.o
                                         0x4f (size before relaxing)
 .comment       0x0000000000000000       0x4f src/c/main.c.33.o
 .comment       0x0000000000000000       0x4f aplite/appinfo.auto.c.33.o
 .comment       0x0000000000000000       0x4f aplite/src/resource_ids.auto.c.33.o
 .comment       0x0000000000000000       0x4f src/message_keys.auto.c.33.o
 .comment       0x0000000000000000       0x4f /home/hunt/pebble-dev/pebble-sdk-4.6-rc2-linux64/arm-cs-tools/bin/../lib/gcc/arm-none-eabi/4.7.2/thumb2/crtend.o

.debug_info     0x0000000000000000      0x9d8
 .debug_info    0x0000000000000000      0x5bc src/c/main.c.33.o
 .debug_info    0x00000000000005bc      0x31a aplite/appinfo.auto.c.33.o
 .debug_info    0x00000000000008d6       0x81 aplite/src/resource_ids.auto.c.33.o
 .debug_info    0x0000000000000957       0x81 src/message_keys.auto.c.33.o

.debug_abbrev   0x0000000000000000      0x31e
 .debug_abbrev  0x0000000000000000      0x1f8 src/c/main.c.33.o
 .debug_abbrev  0x00000000000001f8       0x9e aplite/appinfo.auto.c.33.o
 .debug_abbrev  0x0000000000000296       0x44 aplite/src/resource_ids.auto.c.33.o
 .debug_abbrev  0x00000000000002da       0x44 src/message_keys.auto.c.33.o

.debug_loc      0x0000000000000000       0xb7
 .debug_loc     0x0000000000000000       0xb7 src/c/main.c.33.o

.debug_aranges  0x0000000000000000       0x78
 .debug_aranges
                0x0000000000000000       0x30 src/c/main.c.33.o
 .debug_aranges
                0x0000000000000030       0x18 aplite/appinfo.auto.c.33.o
 .debug_aranges
                0x0000000000000048       0x18 aplite/src/resource_ids.auto.c.33.o
 .debug_aranges
                0x0000000000000060       0x18 src/message_keys.auto.c.33.o

.debug_ranges   0x0000000000000000       0x20
 .debug_ranges  0x0000000000000000       0x20 src/c/main.c.33.o

.debug_line     0x0000000000000000      0x409
 .debug_line    0x0000000000000000      0x153 src/c/main.c.33.o
 .debug_line    0x0000000000000153      0x121 aplite/appinfo.auto.c.33.o
 .debug_line    0x0000000000000274       0xce aplite/src/resource_ids.auto.c.33.o
 .debug_line    0x0000000000000342       0xc7 src/message_keys.auto.c.33.o

.debug_str      0x0000000000000000      0x5a9
 .debug_str     0x0000000000000000      0x2f3 src/c/main.c.33.o
                                        0x365 (size before relaxing)
 .debug_str     0x00000000000002f3      0x250 aplite/appinfo.auto.c.33.o
                                        0x31b (size before relaxing)
 .debug_str     0x0000000000000543       0x36 aplite/src/resource_ids.auto.c.33.o
                                         0xfc (size before relaxing)
 .debug_str     0x0000000000000579       0x30 src/message_keys.auto.c.33.o
                                         0xf6 (size before relaxing)

.debug_frame    0x0000000000000000       0x64
 .debug_frame   0x0000000000000000       0x64 src/c/main.c.33.o
